


ARM Macro Assembler    Page 1 


    1 00000000                 AREA             ArmExample, CODE
    2 00000000         
    3 00000000                 ENTRY
    4 00000000 E3E00000        MOV              r0, #0xFFFFFFFF
    5 00000004 E3A0100C        MOV              r1, #0xC
    6 00000008 E3A020CF        MOV              r2, #0xCF
    7 0000000C E3A03000        MOV              r3, #0x0
    8 00000010 E0924000        ADDS             r4, r2, r0
    9 00000014 E0B35001        ADCS             r5, r3, r1
   10 00000018         
   11 00000018 EAFFFFFE 
                       STOP    B                STOP
   12 0000001C         
   13 0000001C                 END
Command Line: --debug --xref --apcs=interwork --depend="ARM Carry On.d" -o"ARM 
Carry On.o" -IC:\Keil\ARM\CMSIS\Include -IC:\Keil\ARM\INC\ARM --predefine="__EV
AL SETA 1" --list=ARM Carry On.lst "ARM Carry On.s"



ARM Macro Assembler    Page 1 Alphabetic symbol ordering
Relocatable symbols

ArmExample 00000000

Symbol: ArmExample
   Definitions
      At line 1 in file ARM
   Uses
      None
Comment: ArmExample unused
STOP 00000018

Symbol: STOP
   Definitions
      At line 11 in file ARM
   Uses
      At line 11 in file ARM
Comment: STOP used once
2 symbols
326 symbols in table
