<html>
<body>
<pre>
<h1>µVision Build Log</h1>
<h2>Project:</h2>
\\ic.ac.uk\homes\pe313\Courses\Introduction to Computer Architecture\assembly Assignment\testassem.uvproj
Project File Date:  01/12/2014

<h2>Output:</h2>
Build target 'Target 1'
assembling countfreq.s...
linking...
testassem.sct(8): warning: L6314W: No section matches pattern *(InRoot$$Sections).
Program Size: Code=724 RO-data=0 RW-data=16 ZI-data=256  
"testassem.axf" - 0 Error(s), 1 Warning(s).
Build target 'Target 1'
assembling countfreq.s...
countfreq.s(159): error: A1516E: Bad symbol 'SCS', not defined or external
Target not created
Build target 'Target 1'
assembling countfreq.s...
countfreq.s(160): error: A1647E: Bad register name symbol, expected Integer register
Target not created
Build target 'Target 1'
assembling countfreq.s...
countfreq.s(159): error: A1516E: Bad symbol 'SCS', not defined or external
Target not created
Build target 'Target 1'
assembling countfreq.s...
countfreq.s(162): error: A1647E: Bad register name symbol, expected Integer register
Target not created
Build target 'Target 1'
assembling countfreq.s...
linking...
testassem.sct(8): warning: L6314W: No section matches pattern *(InRoot$$Sections).
Program Size: Code=748 RO-data=0 RW-data=16 ZI-data=256  
"testassem.axf" - 0 Error(s), 1 Warning(s).
Build target 'Target 1'
assembling countfreq.s...
countfreq.s(176): error: A1163E: Unknown opcode FIOMASK , expecting opcode or Macro
Target not created
Build target 'Target 1'
assembling countfreq.s...
countfreq.s(166): error: A1110E: Expected constant expression
Target not created
Build target 'Target 1'
assembling countfreq.s...
linking...
testassem.sct(8): warning: L6314W: No section matches pattern *(InRoot$$Sections).
Program Size: Code=772 RO-data=0 RW-data=16 ZI-data=256  
"testassem.axf" - 0 Error(s), 1 Warning(s).
Build target 'Target 1'
assembling countfreq.s...
linking...
testassem.sct(8): warning: L6314W: No section matches pattern *(InRoot$$Sections).
Program Size: Code=772 RO-data=0 RW-data=16 ZI-data=256  
"testassem.axf" - 0 Error(s), 1 Warning(s).
Build target 'Target 1'
assembling countfreq.s...
linking...
testassem.sct(8): warning: L6314W: No section matches pattern *(InRoot$$Sections).
Program Size: Code=724 RO-data=0 RW-data=16 ZI-data=256  
"testassem.axf" - 0 Error(s), 1 Warning(s).
Build target 'Target 1'
assembling countfreq.s...
linking...
testassem.sct(8): warning: L6314W: No section matches pattern *(InRoot$$Sections).
Program Size: Code=724 RO-data=0 RW-data=16 ZI-data=256  
"testassem.axf" - 0 Error(s), 1 Warning(s).
Build target 'Target 1'
assembling countfreq.s...
linking...
testassem.sct(8): warning: L6314W: No section matches pattern *(InRoot$$Sections).
Program Size: Code=772 RO-data=0 RW-data=16 ZI-data=256  
"testassem.axf" - 0 Error(s), 1 Warning(s).
Build target 'Target 1'
assembling countfreq.s...
linking...
testassem.sct(8): warning: L6314W: No section matches pattern *(InRoot$$Sections).
Program Size: Code=768 RO-data=0 RW-data=16 ZI-data=256  
"testassem.axf" - 0 Error(s), 1 Warning(s).
Build target 'Target 1'
assembling countfreq.s...
linking...
testassem.sct(8): warning: L6314W: No section matches pattern *(InRoot$$Sections).
Program Size: Code=724 RO-data=0 RW-data=16 ZI-data=256  
"testassem.axf" - 0 Error(s), 1 Warning(s).
Build target 'Target 1'
assembling countfreq.s...
linking...
testassem.sct(8): warning: L6314W: No section matches pattern *(InRoot$$Sections).
Program Size: Code=724 RO-data=0 RW-data=16 ZI-data=256  
"testassem.axf" - 0 Error(s), 1 Warning(s).
Build target 'Target 1'
assembling countfreq.s...
linking...
testassem.sct(8): warning: L6314W: No section matches pattern *(InRoot$$Sections).
Program Size: Code=732 RO-data=0 RW-data=16 ZI-data=256  
"testassem.axf" - 0 Error(s), 1 Warning(s).
Build target 'Target 1'
assembling countfreq.s...
linking...
testassem.sct(8): warning: L6314W: No section matches pattern *(InRoot$$Sections).
Program Size: Code=736 RO-data=0 RW-data=16 ZI-data=256  
"testassem.axf" - 0 Error(s), 1 Warning(s).
Build target 'Target 1'
assembling countfreq.s...
linking...
testassem.sct(8): warning: L6314W: No section matches pattern *(InRoot$$Sections).
Program Size: Code=740 RO-data=0 RW-data=16 ZI-data=256  
"testassem.axf" - 0 Error(s), 1 Warning(s).
Build target 'Target 1'
assembling countfreq.s...
linking...
testassem.sct(8): warning: L6314W: No section matches pattern *(InRoot$$Sections).
Program Size: Code=744 RO-data=0 RW-data=16 ZI-data=256  
"testassem.axf" - 0 Error(s), 1 Warning(s).
Build target 'Target 1'
assembling countfreq.s...
countfreq.s(155): error: A1647E: Bad register name symbol, expected Integer register
Target not created
Build target 'Target 1'
assembling countfreq.s...
countfreq.s(156): error: A1647E: Bad register name symbol, expected Integer register
Target not created
Build target 'Target 1'
assembling countfreq.s...
linking...
testassem.sct(8): warning: L6314W: No section matches pattern *(InRoot$$Sections).
Program Size: Code=748 RO-data=0 RW-data=16 ZI-data=256  
"testassem.axf" - 0 Error(s), 1 Warning(s).
Build target 'Target 1'
assembling countfreq.s...
linking...
testassem.sct(8): warning: L6314W: No section matches pattern *(InRoot$$Sections).
Program Size: Code=748 RO-data=0 RW-data=16 ZI-data=256  
"testassem.axf" - 0 Error(s), 1 Warning(s).
Build target 'Target 1'
assembling countfreq.s...
linking...
testassem.sct(8): warning: L6314W: No section matches pattern *(InRoot$$Sections).
Program Size: Code=740 RO-data=0 RW-data=16 ZI-data=256  
"testassem.axf" - 0 Error(s), 1 Warning(s).
Build target 'Target 1'
assembling countfreq.s...
countfreq.s(155): error: A1183E: Numeric overflow
Target not created
Build target 'Target 1'
assembling countfreq.s...
linking...
testassem.sct(8): warning: L6314W: No section matches pattern *(InRoot$$Sections).
Program Size: Code=736 RO-data=0 RW-data=16 ZI-data=256  
"testassem.axf" - 0 Error(s), 1 Warning(s).
Build target 'Target 1'
assembling countfreq.s...
linking...
testassem.sct(8): warning: L6314W: No section matches pattern *(InRoot$$Sections).
Program Size: Code=736 RO-data=0 RW-data=16 ZI-data=256  
"testassem.axf" - 0 Error(s), 1 Warning(s).
Build target 'Target 1'
assembling countfreq.s...
linking...
testassem.sct(8): warning: L6314W: No section matches pattern *(InRoot$$Sections).
Program Size: Code=736 RO-data=0 RW-data=16 ZI-data=256  
"testassem.axf" - 0 Error(s), 1 Warning(s).
Build target 'Target 1'
assembling countfreq.s...
linking...
testassem.sct(8): warning: L6314W: No section matches pattern *(InRoot$$Sections).
Program Size: Code=736 RO-data=0 RW-data=16 ZI-data=256  
"testassem.axf" - 0 Error(s), 1 Warning(s).
Build target 'Target 1'
assembling countfreq.s...
linking...
testassem.sct(8): warning: L6314W: No section matches pattern *(InRoot$$Sections).
Program Size: Code=728 RO-data=0 RW-data=16 ZI-data=256  
"testassem.axf" - 0 Error(s), 1 Warning(s).
Build target 'Target 1'
assembling countfreq.s...
linking...
testassem.sct(8): warning: L6314W: No section matches pattern *(InRoot$$Sections).
Program Size: Code=728 RO-data=0 RW-data=16 ZI-data=256  
"testassem.axf" - 0 Error(s), 1 Warning(s).
Build target 'Target 1'
assembling countfreq.s...
linking...
testassem.sct(8): warning: L6314W: No section matches pattern *(InRoot$$Sections).
Program Size: Code=728 RO-data=0 RW-data=16 ZI-data=256  
"testassem.axf" - 0 Error(s), 1 Warning(s).
Build target 'Target 1'
assembling countfreq.s...
linking...
testassem.sct(8): warning: L6314W: No section matches pattern *(InRoot$$Sections).
Program Size: Code=728 RO-data=0 RW-data=16 ZI-data=256  
"testassem.axf" - 0 Error(s), 1 Warning(s).
Build target 'Target 1'
assembling countfreq.s...
linking...
testassem.sct(8): warning: L6314W: No section matches pattern *(InRoot$$Sections).
Program Size: Code=728 RO-data=0 RW-data=16 ZI-data=256  
"testassem.axf" - 0 Error(s), 1 Warning(s).
Build target 'Target 1'
assembling countfreq.s...
linking...
testassem.sct(8): warning: L6314W: No section matches pattern *(InRoot$$Sections).
Program Size: Code=728 RO-data=0 RW-data=16 ZI-data=256  
"testassem.axf" - 0 Error(s), 1 Warning(s).
