<html>
<body>
<pre>
<h1>µVision Build Log</h1>
<h2>Project:</h2>
C:\Users\Patrick\Downloads\assembly\testassem.uvproj
Project File Date:  01/08/2014

<h2>Output:</h2>
*** Note: Rebuilding project, since 'Options->Output->Create Batch File' is selected.
Rebuild target 'Target 1'
assembling countfreq.s...
linking...
testassem.sct(8): warning: L6314W: No section matches pattern *(InRoot$$Sections).
Program Size: Code=544 RO-data=0 RW-data=16 ZI-data=256  
Finished: 0 information, 1 warning and 0 error messages.
".\testassem.axf" - 0 Error(s), 1 Warning(s).
</pre>
</body>
</html>
